Archive member included to satisfy reference by file (symbol)

/home/jerryneedell/bin/gcc-arm-none-eabi-9-2019-q4-major/bin/../lib/gcc/arm-none-eabi/9.2.1/thumb/v7-m/nofp/libgcc.a(_aeabi_ldivmod.o)
                              tembed.o (__aeabi_ldivmod)
/home/jerryneedell/bin/gcc-arm-none-eabi-9-2019-q4-major/bin/../lib/gcc/arm-none-eabi/9.2.1/thumb/v7-m/nofp/libgcc.a(_aeabi_uldivmod.o)
                              tembed.o (__aeabi_uldivmod)
/home/jerryneedell/bin/gcc-arm-none-eabi-9-2019-q4-major/bin/../lib/gcc/arm-none-eabi/9.2.1/thumb/v7-m/nofp/libgcc.a(_udivmoddi4.o)
                              /home/jerryneedell/bin/gcc-arm-none-eabi-9-2019-q4-major/bin/../lib/gcc/arm-none-eabi/9.2.1/thumb/v7-m/nofp/libgcc.a(_aeabi_ldivmod.o) (__udivmoddi4)
/home/jerryneedell/bin/gcc-arm-none-eabi-9-2019-q4-major/bin/../lib/gcc/arm-none-eabi/9.2.1/thumb/v7-m/nofp/libgcc.a(_dvmd_tls.o)
                              /home/jerryneedell/bin/gcc-arm-none-eabi-9-2019-q4-major/bin/../lib/gcc/arm-none-eabi/9.2.1/thumb/v7-m/nofp/libgcc.a(_aeabi_ldivmod.o) (__aeabi_ldiv0)
/home/jerryneedell/bin/gcc-arm-none-eabi-9-2019-q4-major/bin/../lib/gcc/arm-none-eabi/9.2.1/../../../../arm-none-eabi/lib/thumb/v7-m/nofp/libg_nano.a(lib_a-exit.o)
                              /home/jerryneedell/bin/gcc-arm-none-eabi-9-2019-q4-major/bin/../lib/gcc/arm-none-eabi/9.2.1/../../../../arm-none-eabi/lib/thumb/v7-m/nofp/crt0.o (exit)
/home/jerryneedell/bin/gcc-arm-none-eabi-9-2019-q4-major/bin/../lib/gcc/arm-none-eabi/9.2.1/../../../../arm-none-eabi/lib/thumb/v7-m/nofp/libg_nano.a(lib_a-impure.o)
                              /home/jerryneedell/bin/gcc-arm-none-eabi-9-2019-q4-major/bin/../lib/gcc/arm-none-eabi/9.2.1/../../../../arm-none-eabi/lib/thumb/v7-m/nofp/libg_nano.a(lib_a-exit.o) (_global_impure_ptr)
/home/jerryneedell/bin/gcc-arm-none-eabi-9-2019-q4-major/bin/../lib/gcc/arm-none-eabi/9.2.1/../../../../arm-none-eabi/lib/thumb/v7-m/nofp/libg_nano.a(lib_a-init.o)
                              /home/jerryneedell/bin/gcc-arm-none-eabi-9-2019-q4-major/bin/../lib/gcc/arm-none-eabi/9.2.1/../../../../arm-none-eabi/lib/thumb/v7-m/nofp/crt0.o (__libc_init_array)
/home/jerryneedell/bin/gcc-arm-none-eabi-9-2019-q4-major/bin/../lib/gcc/arm-none-eabi/9.2.1/../../../../arm-none-eabi/lib/thumb/v7-m/nofp/libg_nano.a(lib_a-memset.o)
                              /home/jerryneedell/bin/gcc-arm-none-eabi-9-2019-q4-major/bin/../lib/gcc/arm-none-eabi/9.2.1/../../../../arm-none-eabi/lib/thumb/v7-m/nofp/crt0.o (memset)

Allocating common symbols
Common symbol       size              file

__errno             0x4               tconsoleio.o
ramvars             0xc00             tembed.o
ramdict             0x3000            tembed.o
ctbuf               0x4               tembed.o
g_mss_uart1         0x40              tmss_uart.o
g_mss_uart0         0x40              tmss_uart.o

Discarded input sections

 .text          0x0000000000000000        0x0 /home/jerryneedell/bin/gcc-arm-none-eabi-9-2019-q4-major/bin/../lib/gcc/arm-none-eabi/9.2.1/thumb/v7-m/nofp/crti.o
 .data          0x0000000000000000        0x0 /home/jerryneedell/bin/gcc-arm-none-eabi-9-2019-q4-major/bin/../lib/gcc/arm-none-eabi/9.2.1/thumb/v7-m/nofp/crti.o
 .bss           0x0000000000000000        0x0 /home/jerryneedell/bin/gcc-arm-none-eabi-9-2019-q4-major/bin/../lib/gcc/arm-none-eabi/9.2.1/thumb/v7-m/nofp/crti.o
 .data          0x0000000000000000        0x4 /home/jerryneedell/bin/gcc-arm-none-eabi-9-2019-q4-major/bin/../lib/gcc/arm-none-eabi/9.2.1/thumb/v7-m/nofp/crtbegin.o
 .text          0x0000000000000000       0x74 /home/jerryneedell/bin/gcc-arm-none-eabi-9-2019-q4-major/bin/../lib/gcc/arm-none-eabi/9.2.1/../../../../arm-none-eabi/lib/thumb/v7-m/nofp/crt0.o
 .data          0x0000000000000000        0x0 /home/jerryneedell/bin/gcc-arm-none-eabi-9-2019-q4-major/bin/../lib/gcc/arm-none-eabi/9.2.1/../../../../arm-none-eabi/lib/thumb/v7-m/nofp/crt0.o
 .bss           0x0000000000000000        0x0 /home/jerryneedell/bin/gcc-arm-none-eabi-9-2019-q4-major/bin/../lib/gcc/arm-none-eabi/9.2.1/../../../../arm-none-eabi/lib/thumb/v7-m/nofp/crt0.o
 .ARM.extab     0x0000000000000000        0x0 /home/jerryneedell/bin/gcc-arm-none-eabi-9-2019-q4-major/bin/../lib/gcc/arm-none-eabi/9.2.1/../../../../arm-none-eabi/lib/thumb/v7-m/nofp/crt0.o
 .ARM.exidx     0x0000000000000000        0x8 /home/jerryneedell/bin/gcc-arm-none-eabi-9-2019-q4-major/bin/../lib/gcc/arm-none-eabi/9.2.1/../../../../arm-none-eabi/lib/thumb/v7-m/nofp/crt0.o
 .text          0x0000000000000000        0x0 tstartup_m2sxxx.o
 .data          0x0000000000000000        0x0 tstartup_m2sxxx.o
 .bss           0x0000000000000000        0x0 tstartup_m2sxxx.o
 .text          0x0000000000000000        0x0 ttmain.o
 .data          0x0000000000000000        0x0 ttmain.o
 .bss           0x0000000000000000        0x0 ttmain.o
 .text          0x0000000000000000        0x0 mallocembed.o
 .data          0x0000000000000000        0x0 mallocembed.o
 .bss           0x0000000000000000        0x0 mallocembed.o
 .text          0x0000000000000000        0x0 tconsoleio.o
 .data          0x0000000000000000        0x0 tconsoleio.o
 .bss           0x0000000000000000        0x0 tconsoleio.o
 .text.spins    0x0000000000000000        0xe tconsoleio.o
 COMMON         0x0000000000000000        0x4 tconsoleio.o
 .text          0x0000000000000000        0x0 tmss_uart.o
 .data          0x0000000000000000        0x0 tmss_uart.o
 .bss           0x0000000000000000        0x0 tmss_uart.o
 .text.MSS_UART_lin_init
                0x0000000000000000       0x74 tmss_uart.o
 .text.MSS_UART_irda_init
                0x0000000000000000      0x13c tmss_uart.o
 .text.MSS_UART_smartcard_init
                0x0000000000000000       0x9c tmss_uart.o
 .text.MSS_UART_polled_tx_string
                0x0000000000000000       0x6c tmss_uart.o
 .text.MSS_UART_irq_tx
                0x0000000000000000       0x90 tmss_uart.o
 .text.MSS_UART_tx_complete
                0x0000000000000000       0x34 tmss_uart.o
 .text.MSS_UART_enable_irq
                0x0000000000000000       0x88 tmss_uart.o
 .text.MSS_UART_disable_irq
                0x0000000000000000       0x74 tmss_uart.o
 .text.MSS_UART_set_rx_handler
                0x0000000000000000       0x94 tmss_uart.o
 .text.MSS_UART_set_loopback
                0x0000000000000000       0xac tmss_uart.o
 .text.MSS_UART_set_rxstatus_handler
                0x0000000000000000       0x7c tmss_uart.o
 .text.MSS_UART_set_tx_handler
                0x0000000000000000       0x84 tmss_uart.o
 .text.MSS_UART_set_modemstatus_handler
                0x0000000000000000       0x7c tmss_uart.o
 .text.MSS_UART_fill_tx_fifo
                0x0000000000000000       0x70 tmss_uart.o
 .text.MSS_UART_get_rx_status
                0x0000000000000000       0x30 tmss_uart.o
 .text.MSS_UART_get_modem_status
                0x0000000000000000       0x24 tmss_uart.o
 .text.MSS_UART_get_tx_status
                0x0000000000000000       0x2c tmss_uart.o
 .text.MSS_UART_set_break
                0x0000000000000000       0x38 tmss_uart.o
 .text.MSS_UART_clear_break
                0x0000000000000000       0x38 tmss_uart.o
 .text.MSS_UART_set_pidpei_handler
                0x0000000000000000       0x7c tmss_uart.o
 .text.MSS_UART_set_linbreak_handler
                0x0000000000000000       0x7c tmss_uart.o
 .text.MSS_UART_set_linsync_handler
                0x0000000000000000       0x7c tmss_uart.o
 .text.MSS_UART_set_nack_handler
                0x0000000000000000       0x7c tmss_uart.o
 .text.MSS_UART_set_rx_timeout_handler
                0x0000000000000000       0x7c tmss_uart.o
 .text.MSS_UART_enable_half_duplex
                0x0000000000000000       0x38 tmss_uart.o
 .text.MSS_UART_disable_half_duplex
                0x0000000000000000       0x38 tmss_uart.o
 .text.MSS_UART_set_rx_endian
                0x0000000000000000       0x70 tmss_uart.o
 .text.MSS_UART_set_tx_endian
                0x0000000000000000       0x70 tmss_uart.o
 .text.MSS_UART_set_filter_length
                0x0000000000000000       0x38 tmss_uart.o
 .text.MSS_UART_enable_afm
                0x0000000000000000       0x38 tmss_uart.o
 .text.MSS_UART_disable_afm
                0x0000000000000000       0x38 tmss_uart.o
 .text.MSS_UART_enable_afclear
                0x0000000000000000       0x38 tmss_uart.o
 .text.MSS_UART_disable_afclear
                0x0000000000000000       0x38 tmss_uart.o
 .text.MSS_UART_enable_rx_timeout
                0x0000000000000000       0x3c tmss_uart.o
 .text.MSS_UART_disable_rx_timeout
                0x0000000000000000       0x38 tmss_uart.o
 .text.MSS_UART_enable_tx_time_guard
                0x0000000000000000       0x3c tmss_uart.o
 .text.MSS_UART_disable_tx_time_guard
                0x0000000000000000       0x38 tmss_uart.o
 .text.MSS_UART_set_address
                0x0000000000000000       0x20 tmss_uart.o
 .text.MSS_UART_set_ready_mode
                0x0000000000000000       0x70 tmss_uart.o
 .text.MSS_UART_set_usart_mode
                0x0000000000000000       0x4c tmss_uart.o
 .text          0x0000000000000000        0x0 tnewlib_stubs.o
 .data          0x0000000000000000        0x0 tnewlib_stubs.o
 .bss           0x0000000000000000        0x0 tnewlib_stubs.o
 .text._close   0x0000000000000000        0x6 tnewlib_stubs.o
 .text._execve  0x0000000000000000       0x10 tnewlib_stubs.o
 .text._exit    0x0000000000000000        0x2 tnewlib_stubs.o
 .text._fork    0x0000000000000000       0x10 tnewlib_stubs.o
 .text._fstat   0x0000000000000000        0xa tnewlib_stubs.o
 .text._getpid  0x0000000000000000        0x4 tnewlib_stubs.o
 .text._isatty  0x0000000000000000        0x4 tnewlib_stubs.o
 .text._kill    0x0000000000000000       0x10 tnewlib_stubs.o
 .text._link    0x0000000000000000       0x10 tnewlib_stubs.o
 .text._lseek   0x0000000000000000        0x4 tnewlib_stubs.o
 .text._open    0x0000000000000000        0x6 tnewlib_stubs.o
 .text._read    0x0000000000000000        0x4 tnewlib_stubs.o
 .text._write_r
                0x0000000000000000        0x4 tnewlib_stubs.o
 .text._sbrk    0x0000000000000000       0x44 tnewlib_stubs.o
 .text._stat    0x0000000000000000        0xa tnewlib_stubs.o
 .text._times   0x0000000000000000        0x6 tnewlib_stubs.o
 .text._unlink  0x0000000000000000       0x10 tnewlib_stubs.o
 .text._wait    0x0000000000000000       0x10 tnewlib_stubs.o
 .bss.__env     0x0000000000000000        0x4 tnewlib_stubs.o
 .bss.heap_end.5424
                0x0000000000000000        0x4 tnewlib_stubs.o
 .data.environ  0x0000000000000000        0x4 tnewlib_stubs.o
 .debug_info    0x0000000000000000     0x1128 tnewlib_stubs.o
 .debug_abbrev  0x0000000000000000      0x324 tnewlib_stubs.o
 .debug_loc     0x0000000000000000      0x33f tnewlib_stubs.o
 .debug_aranges
                0x0000000000000000       0xa8 tnewlib_stubs.o
 .debug_ranges  0x0000000000000000       0x98 tnewlib_stubs.o
 .debug_line    0x0000000000000000      0x4dd tnewlib_stubs.o
 .debug_str     0x0000000000000000      0x8b8 tnewlib_stubs.o
 .comment       0x0000000000000000       0x7a tnewlib_stubs.o
 .debug_frame   0x0000000000000000      0x160 tnewlib_stubs.o
 .text          0x0000000000000000        0x0 tcore_cm3.o
 .data          0x0000000000000000        0x0 tcore_cm3.o
 .bss           0x0000000000000000        0x0 tcore_cm3.o
 .text.__get_PSP
                0x0000000000000000        0x8 tcore_cm3.o
 .text.__set_PSP
                0x0000000000000000        0x6 tcore_cm3.o
 .text.__get_MSP
                0x0000000000000000        0x8 tcore_cm3.o
 .text.__set_MSP
                0x0000000000000000        0x6 tcore_cm3.o
 .text.__get_BASEPRI
                0x0000000000000000        0x6 tcore_cm3.o
 .text.__set_BASEPRI
                0x0000000000000000        0x6 tcore_cm3.o
 .text.__get_PRIMASK
                0x0000000000000000        0x6 tcore_cm3.o
 .text.__set_PRIMASK
                0x0000000000000000        0x6 tcore_cm3.o
 .text.__get_FAULTMASK
                0x0000000000000000        0x6 tcore_cm3.o
 .text.__set_FAULTMASK
                0x0000000000000000        0x6 tcore_cm3.o
 .text.__get_CONTROL
                0x0000000000000000        0x6 tcore_cm3.o
 .text.__set_CONTROL
                0x0000000000000000        0x6 tcore_cm3.o
 .text.__REV    0x0000000000000000        0x4 tcore_cm3.o
 .text.__REV16  0x0000000000000000        0x4 tcore_cm3.o
 .text.__REVSH  0x0000000000000000        0x4 tcore_cm3.o
 .text.__RBIT   0x0000000000000000        0x6 tcore_cm3.o
 .text.__LDREXB
                0x0000000000000000        0x8 tcore_cm3.o
 .text.__LDREXH
                0x0000000000000000        0x8 tcore_cm3.o
 .text.__LDREXW
                0x0000000000000000        0x6 tcore_cm3.o
 .text.__STREXB
                0x0000000000000000        0x8 tcore_cm3.o
 .text.__STREXH
                0x0000000000000000        0x8 tcore_cm3.o
 .text.__STREXW
                0x0000000000000000        0x6 tcore_cm3.o
 .debug_info    0x0000000000000000      0x5eb tcore_cm3.o
 .debug_abbrev  0x0000000000000000       0xd1 tcore_cm3.o
 .debug_loc     0x0000000000000000      0x3a2 tcore_cm3.o
 .debug_aranges
                0x0000000000000000       0xc8 tcore_cm3.o
 .debug_ranges  0x0000000000000000       0xb8 tcore_cm3.o
 .debug_line    0x0000000000000000      0x364 tcore_cm3.o
 .debug_str     0x0000000000000000      0x349 tcore_cm3.o
 .comment       0x0000000000000000       0x7a tcore_cm3.o
 .debug_frame   0x0000000000000000      0x170 tcore_cm3.o
 .text          0x0000000000000000        0x0 tsystem_m2sxxx.o
 .data          0x0000000000000000        0x0 tsystem_m2sxxx.o
 .bss           0x0000000000000000        0x0 tsystem_m2sxxx.o
 .text          0x0000000000000000        0x0 tembed.o
 .text.switch_stacks
                0x0000000000000000       0x26 tembed.o
 .text.spush    0x0000000000000000        0xc tembed.o
 .text.udot     0x0000000000000000       0x38 tembed.o
 .text.udotx    0x0000000000000000       0x30 tembed.o
 .text.mtimes   0x0000000000000000       0x36 tembed.o
 .text.execute_xt_pop
                0x0000000000000000       0x44 tembed.o
 .text.aligned  0x0000000000000000        0x8 tembed.o
 .text.name_from
                0x0000000000000000        0xc tembed.o
 .text.unimplemented
                0x0000000000000000       0x10 tembed.o
 .text.prerror  0x0000000000000000       0x34 tembed.o
 .text.dosyscall
                0x0000000000000000       0x10 tembed.o
 .text.system   0x0000000000000000       0x10 tembed.o
 .text.chdir    0x0000000000000000       0x10 tembed.o
 .text.linemode
                0x0000000000000000        0x2 tembed.o
 .text.restoremode
                0x0000000000000000        0x2 tembed.o
 .text.getstat  0x0000000000000000       0x10 tembed.o
 .text.isdelim  0x0000000000000000       0x2c tembed.o
 .text.cprint   0x0000000000000000       0x1a tembed.o
 .text.title    0x0000000000000000       0x10 tembed.o
 .text.read_dictionary
                0x0000000000000000       0x14 tembed.o
 .rodata.udotx.str1.4
                0x0000000000000000       0x11 tembed.o
 .rodata.prerror.str1.4
                0x0000000000000000       0x27 tembed.o
 .rodata.title.str1.4
                0x0000000000000000       0x19 tembed.o
 .rodata.builtin_hdr
                0x0000000000000000       0x20 tembed.o
 .data          0x0000000000000000        0x0 tembed.o
 .bss           0x0000000000000000        0x0 tembed.o
 .bss.unimp     0x0000000000000000        0x4 tembed.o
 .text          0x0000000000000000        0x0 textend.o
 .data          0x0000000000000000        0x0 textend.o
 .bss           0x0000000000000000        0x0 textend.o
 .text.Fabric_IRQHandler
                0x0000000000000000       0x64 textend.o
 .data          0x0000000000000000        0x0 /home/jerryneedell/bin/gcc-arm-none-eabi-9-2019-q4-major/bin/../lib/gcc/arm-none-eabi/9.2.1/thumb/v7-m/nofp/libgcc.a(_aeabi_ldivmod.o)
 .bss           0x0000000000000000        0x0 /home/jerryneedell/bin/gcc-arm-none-eabi-9-2019-q4-major/bin/../lib/gcc/arm-none-eabi/9.2.1/thumb/v7-m/nofp/libgcc.a(_aeabi_ldivmod.o)
 .data          0x0000000000000000        0x0 /home/jerryneedell/bin/gcc-arm-none-eabi-9-2019-q4-major/bin/../lib/gcc/arm-none-eabi/9.2.1/thumb/v7-m/nofp/libgcc.a(_aeabi_uldivmod.o)
 .bss           0x0000000000000000        0x0 /home/jerryneedell/bin/gcc-arm-none-eabi-9-2019-q4-major/bin/../lib/gcc/arm-none-eabi/9.2.1/thumb/v7-m/nofp/libgcc.a(_aeabi_uldivmod.o)
 .data          0x0000000000000000        0x0 /home/jerryneedell/bin/gcc-arm-none-eabi-9-2019-q4-major/bin/../lib/gcc/arm-none-eabi/9.2.1/thumb/v7-m/nofp/libgcc.a(_udivmoddi4.o)
 .bss           0x0000000000000000        0x0 /home/jerryneedell/bin/gcc-arm-none-eabi-9-2019-q4-major/bin/../lib/gcc/arm-none-eabi/9.2.1/thumb/v7-m/nofp/libgcc.a(_udivmoddi4.o)
 .ARM.extab     0x0000000000000000        0x0 /home/jerryneedell/bin/gcc-arm-none-eabi-9-2019-q4-major/bin/../lib/gcc/arm-none-eabi/9.2.1/thumb/v7-m/nofp/libgcc.a(_udivmoddi4.o)
 .data          0x0000000000000000        0x0 /home/jerryneedell/bin/gcc-arm-none-eabi-9-2019-q4-major/bin/../lib/gcc/arm-none-eabi/9.2.1/thumb/v7-m/nofp/libgcc.a(_dvmd_tls.o)
 .bss           0x0000000000000000        0x0 /home/jerryneedell/bin/gcc-arm-none-eabi-9-2019-q4-major/bin/../lib/gcc/arm-none-eabi/9.2.1/thumb/v7-m/nofp/libgcc.a(_dvmd_tls.o)
 .text          0x0000000000000000        0x0 /home/jerryneedell/bin/gcc-arm-none-eabi-9-2019-q4-major/bin/../lib/gcc/arm-none-eabi/9.2.1/../../../../arm-none-eabi/lib/thumb/v7-m/nofp/libg_nano.a(lib_a-exit.o)
 .data          0x0000000000000000        0x0 /home/jerryneedell/bin/gcc-arm-none-eabi-9-2019-q4-major/bin/../lib/gcc/arm-none-eabi/9.2.1/../../../../arm-none-eabi/lib/thumb/v7-m/nofp/libg_nano.a(lib_a-exit.o)
 .bss           0x0000000000000000        0x0 /home/jerryneedell/bin/gcc-arm-none-eabi-9-2019-q4-major/bin/../lib/gcc/arm-none-eabi/9.2.1/../../../../arm-none-eabi/lib/thumb/v7-m/nofp/libg_nano.a(lib_a-exit.o)
 .text.exit     0x0000000000000000       0x28 /home/jerryneedell/bin/gcc-arm-none-eabi-9-2019-q4-major/bin/../lib/gcc/arm-none-eabi/9.2.1/../../../../arm-none-eabi/lib/thumb/v7-m/nofp/libg_nano.a(lib_a-exit.o)
 .debug_frame   0x0000000000000000       0x28 /home/jerryneedell/bin/gcc-arm-none-eabi-9-2019-q4-major/bin/../lib/gcc/arm-none-eabi/9.2.1/../../../../arm-none-eabi/lib/thumb/v7-m/nofp/libg_nano.a(lib_a-exit.o)
 .text          0x0000000000000000        0x0 /home/jerryneedell/bin/gcc-arm-none-eabi-9-2019-q4-major/bin/../lib/gcc/arm-none-eabi/9.2.1/../../../../arm-none-eabi/lib/thumb/v7-m/nofp/libg_nano.a(lib_a-impure.o)
 .data          0x0000000000000000        0x0 /home/jerryneedell/bin/gcc-arm-none-eabi-9-2019-q4-major/bin/../lib/gcc/arm-none-eabi/9.2.1/../../../../arm-none-eabi/lib/thumb/v7-m/nofp/libg_nano.a(lib_a-impure.o)
 .bss           0x0000000000000000        0x0 /home/jerryneedell/bin/gcc-arm-none-eabi-9-2019-q4-major/bin/../lib/gcc/arm-none-eabi/9.2.1/../../../../arm-none-eabi/lib/thumb/v7-m/nofp/libg_nano.a(lib_a-impure.o)
 .data._impure_ptr
                0x0000000000000000        0x4 /home/jerryneedell/bin/gcc-arm-none-eabi-9-2019-q4-major/bin/../lib/gcc/arm-none-eabi/9.2.1/../../../../arm-none-eabi/lib/thumb/v7-m/nofp/libg_nano.a(lib_a-impure.o)
 .data.impure_data
                0x0000000000000000       0x60 /home/jerryneedell/bin/gcc-arm-none-eabi-9-2019-q4-major/bin/../lib/gcc/arm-none-eabi/9.2.1/../../../../arm-none-eabi/lib/thumb/v7-m/nofp/libg_nano.a(lib_a-impure.o)
 .rodata._global_impure_ptr
                0x0000000000000000        0x4 /home/jerryneedell/bin/gcc-arm-none-eabi-9-2019-q4-major/bin/../lib/gcc/arm-none-eabi/9.2.1/../../../../arm-none-eabi/lib/thumb/v7-m/nofp/libg_nano.a(lib_a-impure.o)
 .text          0x0000000000000000        0x0 /home/jerryneedell/bin/gcc-arm-none-eabi-9-2019-q4-major/bin/../lib/gcc/arm-none-eabi/9.2.1/../../../../arm-none-eabi/lib/thumb/v7-m/nofp/libg_nano.a(lib_a-init.o)
 .data          0x0000000000000000        0x0 /home/jerryneedell/bin/gcc-arm-none-eabi-9-2019-q4-major/bin/../lib/gcc/arm-none-eabi/9.2.1/../../../../arm-none-eabi/lib/thumb/v7-m/nofp/libg_nano.a(lib_a-init.o)
 .bss           0x0000000000000000        0x0 /home/jerryneedell/bin/gcc-arm-none-eabi-9-2019-q4-major/bin/../lib/gcc/arm-none-eabi/9.2.1/../../../../arm-none-eabi/lib/thumb/v7-m/nofp/libg_nano.a(lib_a-init.o)
 .text          0x0000000000000000        0x0 /home/jerryneedell/bin/gcc-arm-none-eabi-9-2019-q4-major/bin/../lib/gcc/arm-none-eabi/9.2.1/../../../../arm-none-eabi/lib/thumb/v7-m/nofp/libg_nano.a(lib_a-memset.o)
 .data          0x0000000000000000        0x0 /home/jerryneedell/bin/gcc-arm-none-eabi-9-2019-q4-major/bin/../lib/gcc/arm-none-eabi/9.2.1/../../../../arm-none-eabi/lib/thumb/v7-m/nofp/libg_nano.a(lib_a-memset.o)
 .bss           0x0000000000000000        0x0 /home/jerryneedell/bin/gcc-arm-none-eabi-9-2019-q4-major/bin/../lib/gcc/arm-none-eabi/9.2.1/../../../../arm-none-eabi/lib/thumb/v7-m/nofp/libg_nano.a(lib_a-memset.o)
 .text.memset   0x0000000000000000       0x10 /home/jerryneedell/bin/gcc-arm-none-eabi-9-2019-q4-major/bin/../lib/gcc/arm-none-eabi/9.2.1/../../../../arm-none-eabi/lib/thumb/v7-m/nofp/libg_nano.a(lib_a-memset.o)
 .debug_frame   0x0000000000000000       0x20 /home/jerryneedell/bin/gcc-arm-none-eabi-9-2019-q4-major/bin/../lib/gcc/arm-none-eabi/9.2.1/../../../../arm-none-eabi/lib/thumb/v7-m/nofp/libg_nano.a(lib_a-memset.o)
 .text          0x0000000000000000        0x0 /home/jerryneedell/bin/gcc-arm-none-eabi-9-2019-q4-major/bin/../lib/gcc/arm-none-eabi/9.2.1/thumb/v7-m/nofp/crtend.o
 .data          0x0000000000000000        0x0 /home/jerryneedell/bin/gcc-arm-none-eabi-9-2019-q4-major/bin/../lib/gcc/arm-none-eabi/9.2.1/thumb/v7-m/nofp/crtend.o
 .bss           0x0000000000000000        0x0 /home/jerryneedell/bin/gcc-arm-none-eabi-9-2019-q4-major/bin/../lib/gcc/arm-none-eabi/9.2.1/thumb/v7-m/nofp/crtend.o
 .eh_frame      0x0000000000000000        0x4 /home/jerryneedell/bin/gcc-arm-none-eabi-9-2019-q4-major/bin/../lib/gcc/arm-none-eabi/9.2.1/thumb/v7-m/nofp/crtend.o
 .text          0x0000000000000000        0x0 /home/jerryneedell/bin/gcc-arm-none-eabi-9-2019-q4-major/bin/../lib/gcc/arm-none-eabi/9.2.1/thumb/v7-m/nofp/crtn.o
 .data          0x0000000000000000        0x0 /home/jerryneedell/bin/gcc-arm-none-eabi-9-2019-q4-major/bin/../lib/gcc/arm-none-eabi/9.2.1/thumb/v7-m/nofp/crtn.o
 .bss           0x0000000000000000        0x0 /home/jerryneedell/bin/gcc-arm-none-eabi-9-2019-q4-major/bin/../lib/gcc/arm-none-eabi/9.2.1/thumb/v7-m/nofp/crtn.o

Memory Configuration

Name             Origin             Length             Attributes
rom              0x0000000060000000 0x0000000000040000 xr
romMirror        0x0000000000000000 0x0000000000040000 xr
ram              0x0000000020000000 0x0000000000010000 xrw
*default*        0x0000000000000000 0xffffffffffffffff

Linker script and memory map

LOAD /home/jerryneedell/bin/gcc-arm-none-eabi-9-2019-q4-major/bin/../lib/gcc/arm-none-eabi/9.2.1/thumb/v7-m/nofp/crti.o
LOAD /home/jerryneedell/bin/gcc-arm-none-eabi-9-2019-q4-major/bin/../lib/gcc/arm-none-eabi/9.2.1/thumb/v7-m/nofp/crtbegin.o
LOAD /home/jerryneedell/bin/gcc-arm-none-eabi-9-2019-q4-major/bin/../lib/gcc/arm-none-eabi/9.2.1/../../../../arm-none-eabi/lib/thumb/v7-m/nofp/crt0.o
LOAD tstartup_m2sxxx.o
LOAD ttmain.o
LOAD mallocembed.o
LOAD tconsoleio.o
LOAD tmss_uart.o
LOAD tnewlib_stubs.o
LOAD tcore_cm3.o
LOAD tsystem_m2sxxx.o
LOAD tembed.o
LOAD textend.o
LOAD /home/jerryneedell/bin/gcc-arm-none-eabi-9-2019-q4-major/bin/../lib/gcc/arm-none-eabi/9.2.1/../../../../arm-none-eabi/lib/thumb/v7-m/nofp/libstdc++_nano.a
LOAD /home/jerryneedell/bin/gcc-arm-none-eabi-9-2019-q4-major/bin/../lib/gcc/arm-none-eabi/9.2.1/../../../../arm-none-eabi/lib/thumb/v7-m/nofp/libm.a
START GROUP
LOAD /home/jerryneedell/bin/gcc-arm-none-eabi-9-2019-q4-major/bin/../lib/gcc/arm-none-eabi/9.2.1/thumb/v7-m/nofp/libgcc.a
LOAD /home/jerryneedell/bin/gcc-arm-none-eabi-9-2019-q4-major/bin/../lib/gcc/arm-none-eabi/9.2.1/../../../../arm-none-eabi/lib/thumb/v7-m/nofp/libg_nano.a
LOAD /home/jerryneedell/bin/gcc-arm-none-eabi-9-2019-q4-major/bin/../lib/gcc/arm-none-eabi/9.2.1/../../../../arm-none-eabi/lib/thumb/v7-m/nofp/libc_nano.a
END GROUP
START GROUP
LOAD /home/jerryneedell/bin/gcc-arm-none-eabi-9-2019-q4-major/bin/../lib/gcc/arm-none-eabi/9.2.1/thumb/v7-m/nofp/libgcc.a
LOAD /home/jerryneedell/bin/gcc-arm-none-eabi-9-2019-q4-major/bin/../lib/gcc/arm-none-eabi/9.2.1/../../../../arm-none-eabi/lib/thumb/v7-m/nofp/libc_nano.a
END GROUP
LOAD /home/jerryneedell/bin/gcc-arm-none-eabi-9-2019-q4-major/bin/../lib/gcc/arm-none-eabi/9.2.1/thumb/v7-m/nofp/crtend.o
LOAD /home/jerryneedell/bin/gcc-arm-none-eabi-9-2019-q4-major/bin/../lib/gcc/arm-none-eabi/9.2.1/thumb/v7-m/nofp/crtn.o
START GROUP
LOAD /home/jerryneedell/bin/gcc-arm-none-eabi-9-2019-q4-major/bin/../lib/gcc/arm-none-eabi/9.2.1/../../../../arm-none-eabi/lib/thumb/v7-m/nofp/libc.a
LOAD /home/jerryneedell/bin/gcc-arm-none-eabi-9-2019-q4-major/bin/../lib/gcc/arm-none-eabi/9.2.1/thumb/v7-m/nofp/libgcc.a
LOAD /home/jerryneedell/bin/gcc-arm-none-eabi-9-2019-q4-major/bin/../lib/gcc/arm-none-eabi/9.2.1/../../../../arm-none-eabi/lib/thumb/v7-m/nofp/libm.a
END GROUP
                0x0000000000000000                __DYNAMIC = 0x0
                0x0000000020000000                RAM_START_ADDRESS = 0x20000000
                0x0000000000010000                RAM_SIZE = 0x10000
                0x0000000000001000                MAIN_STACK_SIZE = 0x1000
                0x0000000000001000                MIN_SIZE_HEAP = 0x1000
                0x0000000020010000                PROVIDE (__main_stack_start = (RAM_START_ADDRESS + RAM_SIZE))
                0x0000000020010000                PROVIDE (_estack = __main_stack_start)
                0x0000000000000001                PROVIDE (__mirrored_nvm = 0x1)
                0x0000000000000000                PROVIDE (__smartfusion2_memory_remap = 0x0)

.vector_table   0x0000000000000000      0x190 load address 0x0000000060000000
                0x0000000060000000                __vector_table_load = LOADADDR (.vector_table)
                0x0000000000000000                __vector_table_start = .
                0x0000000000000000                __vector_table_vma_base_address = .
 *(.isr_vector)
 .isr_vector    0x0000000000000000      0x190 tstartup_m2sxxx.o
                0x0000000000000000                g_pfnVectors
                0x0000000000000190                . = ALIGN (0x10)
                0x0000000000000190                _evector_table = .

.boot_code      0x0000000000000190      0x490 load address 0x0000000060000190
 *(.boot_code)
 .boot_code     0x0000000000000190      0x31c tstartup_m2sxxx.o
                0x0000000000000190                Reset_Handler
                0x000000000000037e                NMI_Handler
                0x0000000000000380                HardFault_Handler
                0x0000000000000382                MemManage_Handler
                0x0000000000000384                BusFault_Handler
                0x0000000000000386                UsageFault_Handler
                0x0000000000000388                SVC_Handler
                0x000000000000038a                DebugMon_Handler
                0x000000000000038c                PendSV_Handler
                0x000000000000038e                SysTick_Handler
                0x0000000000000390                WdogWakeup_IRQHandler
                0x0000000000000392                RTC_Wakeup_IRQHandler
                0x0000000000000394                SPI0_IRQHandler
                0x0000000000000396                SPI1_IRQHandler
                0x0000000000000398                I2C0_IRQHandler
                0x000000000000039a                I2C0_SMBAlert_IRQHandler
                0x000000000000039c                I2C0_SMBus_IRQHandler
                0x000000000000039e                I2C1_IRQHandler
                0x00000000000003a0                I2C1_SMBAlert_IRQHandler
                0x00000000000003a2                I2C1_SMBus_IRQHandler
                0x00000000000003a8                EthernetMAC_IRQHandler
                0x00000000000003aa                DMA_IRQHandler
                0x00000000000003ae                Timer2_IRQHandler
                0x00000000000003b0                CAN_IRQHandler
                0x00000000000003b2                ENVM0_IRQHandler
                0x00000000000003b4                ENVM1_IRQHandler
                0x00000000000003b6                ComBlk_IRQHandler
                0x00000000000003b8                USB_IRQHandler
                0x00000000000003ba                USB_DMA_IRQHandler
                0x00000000000003bc                PLL_Lock_IRQHandler
                0x00000000000003be                PLL_LockLost_IRQHandler
                0x00000000000003c0                CommSwitchError_IRQHandler
                0x00000000000003c2                CacheError_IRQHandler
                0x00000000000003c4                DDR_IRQHandler
                0x00000000000003c6                HPDMA_Complete_IRQHandler
                0x00000000000003c8                HPDMA_Error_IRQHandler
                0x00000000000003ca                ECC_Error_IRQHandler
                0x00000000000003cc                MDDR_IOCalib_IRQHandler
                0x00000000000003ce                FAB_PLL_Lock_IRQHandler
                0x00000000000003d0                FAB_PLL_LockLost_IRQHandler
                0x00000000000003d2                FIC64_IRQHandler
                0x00000000000003d4                FabricIrq0_IRQHandler
                0x00000000000003d6                FabricIrq1_IRQHandler
                0x00000000000003d8                FabricIrq2_IRQHandler
                0x00000000000003da                FabricIrq3_IRQHandler
                0x00000000000003dc                FabricIrq4_IRQHandler
                0x00000000000003de                FabricIrq5_IRQHandler
                0x00000000000003e0                FabricIrq6_IRQHandler
                0x00000000000003e2                FabricIrq7_IRQHandler
                0x00000000000003e4                FabricIrq8_IRQHandler
                0x00000000000003e6                FabricIrq9_IRQHandler
                0x00000000000003e8                FabricIrq10_IRQHandler
                0x00000000000003ea                FabricIrq11_IRQHandler
                0x00000000000003ec                FabricIrq12_IRQHandler
                0x00000000000003ee                FabricIrq13_IRQHandler
                0x00000000000003f0                FabricIrq14_IRQHandler
                0x00000000000003f2                FabricIrq15_IRQHandler
                0x00000000000003f4                GPIO0_IRQHandler
                0x00000000000003f6                GPIO1_IRQHandler
                0x00000000000003f8                GPIO2_IRQHandler
                0x00000000000003fa                GPIO3_IRQHandler
                0x00000000000003fc                GPIO4_IRQHandler
                0x00000000000003fe                GPIO5_IRQHandler
                0x0000000000000400                GPIO6_IRQHandler
                0x0000000000000402                GPIO7_IRQHandler
                0x0000000000000404                GPIO8_IRQHandler
                0x0000000000000406                GPIO9_IRQHandler
                0x0000000000000408                GPIO10_IRQHandler
                0x000000000000040a                GPIO11_IRQHandler
                0x000000000000040c                GPIO12_IRQHandler
                0x000000000000040e                GPIO13_IRQHandler
                0x0000000000000410                GPIO14_IRQHandler
                0x0000000000000412                GPIO15_IRQHandler
                0x0000000000000414                GPIO16_IRQHandler
                0x0000000000000416                GPIO17_IRQHandler
                0x0000000000000418                GPIO18_IRQHandler
                0x000000000000041a                GPIO19_IRQHandler
                0x000000000000041c                GPIO20_IRQHandler
                0x000000000000041e                GPIO21_IRQHandler
                0x0000000000000420                GPIO22_IRQHandler
                0x0000000000000422                GPIO23_IRQHandler
                0x0000000000000424                GPIO24_IRQHandler
                0x0000000000000426                GPIO25_IRQHandler
                0x0000000000000428                GPIO26_IRQHandler
                0x000000000000042a                GPIO27_IRQHandler
                0x000000000000042c                GPIO28_IRQHandler
                0x000000000000042e                GPIO29_IRQHandler
                0x0000000000000430                GPIO30_IRQHandler
                0x0000000000000432                GPIO31_IRQHandler
                0x0000000000000434                mscc_post_hw_cfg_init
 *system_m2sxxx.o(.text*)
 .text.set_clock_frequency_globals
                0x00000000000004ac       0x40 tsystem_m2sxxx.o
 .text.SystemInit
                0x00000000000004ec       0x44 tsystem_m2sxxx.o
                0x00000000000004ec                SystemInit
 .text.SystemCoreClockUpdate
                0x0000000000000530       0xec tsystem_m2sxxx.o
                0x0000000000000530                SystemCoreClockUpdate
 *sys_config.o(.rodata*)
                0x0000000000000620                . = ALIGN (0x10)
 *fill*         0x000000000000061c        0x4 

.text           0x0000000000000620     0xc020 load address 0x0000000060000620
 CREATE_OBJECT_SYMBOLS
                0x0000000060000620                __text_load = LOADADDR (.text)
                0x0000000000000620                __text_start = .
 *(.text .text.* .gnu.linkonce.t.*)
 .text          0x0000000000000620       0x40 /home/jerryneedell/bin/gcc-arm-none-eabi-9-2019-q4-major/bin/../lib/gcc/arm-none-eabi/9.2.1/thumb/v7-m/nofp/crtbegin.o
 .text.main     0x0000000000000660       0x20 ttmain.o
                0x0000000000000660                main
 .text.getmem   0x0000000000000680        0x8 mallocembed.o
                0x0000000000000680                getmem
 .text.memfree  0x0000000000000688        0x2 mallocembed.o
                0x0000000000000688                memfree
 .text.memresize
                0x000000000000068a        0x4 mallocembed.o
                0x000000000000068a                memresize
 *fill*         0x000000000000068e        0x2 
 .text.raw_putchar
                0x0000000000000690       0x20 tconsoleio.o
                0x0000000000000690                raw_putchar
 .text.kbhit    0x00000000000006b0       0x28 tconsoleio.o
                0x00000000000006b0                kbhit
 .text.getkey   0x00000000000006d8       0x34 tconsoleio.o
                0x00000000000006d8                getkey
 .text.init_io  0x000000000000070c       0x34 tconsoleio.o
                0x000000000000070c                init_io
 .text.strlen   0x0000000000000740       0x16 tconsoleio.o
                0x0000000000000740                strlen
 *fill*         0x0000000000000756        0x2 
 .text.MSS_UART_isr
                0x0000000000000758      0x1a0 tmss_uart.o
 .text.default_tx_handler
                0x00000000000008f8       0xa0 tmss_uart.o
 .text.global_init
                0x0000000000000998      0x338 tmss_uart.o
 .text.MSS_UART_init
                0x0000000000000cd0       0x7c tmss_uart.o
                0x0000000000000cd0                MSS_UART_init
 .text.MSS_UART_polled_tx
                0x0000000000000d4c       0x8c tmss_uart.o
                0x0000000000000d4c                MSS_UART_polled_tx
 .text.MSS_UART_get_rx
                0x0000000000000dd8       0x84 tmss_uart.o
                0x0000000000000dd8                MSS_UART_get_rx
 .text.UART0_IRQHandler
                0x0000000000000e5c       0x1c tmss_uart.o
                0x0000000000000e5c                UART0_IRQHandler
 .text.UART1_IRQHandler
                0x0000000000000e78       0x1c tmss_uart.o
                0x0000000000000e78                UART1_IRQHandler
 .text.digit    0x0000000000000e94       0x38 tembed.o
 .text.hide     0x0000000000000ecc       0x44 tembed.o
 .text.reveal   0x0000000000000f10       0x1c tembed.o
 .text.find_local
                0x0000000000000f2c       0x76 tembed.o
                0x0000000000000f2c                find_local
 .text.doccall  0x0000000000000fa2      0x4fa tembed.o
                0x0000000000000fa2                doccall
 .text.mplus    0x000000000000149c       0x18 tembed.o
                0x000000000000149c                mplus
 .text.dutimes  0x00000000000014b4       0x16 tembed.o
                0x00000000000014b4                dutimes
 *fill*         0x00000000000014ca        0x2 
 .text.inner_interpreter
                0x00000000000014cc     0x1b24 tembed.o
                0x00000000000014cc                inner_interpreter
 .text.execute_xt
                0x0000000000002ff0       0x44 tembed.o
                0x0000000000002ff0                execute_xt
 .text.execute_word
                0x0000000000003034       0x74 tembed.o
                0x0000000000003034                execute_word
 .text.init_compiler
                0x00000000000030a8       0x42 tembed.o
                0x00000000000030a8                init_compiler
 .text.tokstore
                0x00000000000030ea        0x4 tembed.o
                0x00000000000030ea                tokstore
 .text.parse    0x00000000000030ee       0x5a tembed.o
                0x00000000000030ee                parse
 .text.parse_word
                0x0000000000003148       0x50 tembed.o
                0x0000000000003148                parse_word
 .text.next_initial_match
                0x0000000000003198       0x66 tembed.o
                0x0000000000003198                next_initial_match
 .text.next_match
                0x00000000000031fe       0x66 tembed.o
                0x00000000000031fe                next_match
 .text.search_wid
                0x0000000000003264       0x3a tembed.o
                0x0000000000003264                search_wid
 .text.makeimmediate
                0x000000000000329e       0x26 tembed.o
                0x000000000000329e                makeimmediate
 .text.align    0x00000000000032c4       0x26 tembed.o
                0x00000000000032c4                align
 .text.xt_align
                0x00000000000032ea       0x30 tembed.o
                0x00000000000032ea                xt_align
 .text.place_cf
                0x000000000000331a       0x18 tembed.o
                0x000000000000331a                place_cf
 .text.place_name
                0x0000000000003332       0x52 tembed.o
                0x0000000000003332                place_name
 .text.alcanonical
                0x0000000000003384       0x3a tembed.o
                0x0000000000003384                alcanonical
 *fill*         0x00000000000033be        0x2 
 .text.header   0x00000000000033c0       0xa4 tembed.o
                0x00000000000033c0                header
 .text.create_word
                0x0000000000003464       0x24 tembed.o
                0x0000000000003464                create_word
 .text.num_initial_matches
                0x0000000000003488       0xda tembed.o
                0x0000000000003488                num_initial_matches
 .text.canon_search_wid
                0x0000000000003562       0x24 tembed.o
                0x0000000000003562                canon_search_wid
 .text.alfind   0x0000000000003586       0x72 tembed.o
                0x0000000000003586                alfind
 .text.altocstr
                0x00000000000035f8       0x32 tembed.o
                0x00000000000035f8                altocstr
 .text.aln_alloc
                0x000000000000362a       0x10 tembed.o
                0x000000000000362a                aln_alloc
 .text.keymode  0x000000000000363a        0x2 tembed.o
                0x000000000000363a                keymode
 .text.highlight
                0x000000000000363c       0x2e tembed.o
 .text.lowlight
                0x000000000000366a       0x26 tembed.o
 .text.addchar  0x0000000000003690       0x90 tembed.o
                0x0000000000003690                addchar
 .text.erase_char
                0x0000000000003720       0x78 tembed.o
                0x0000000000003720                erase_char
 .text.erase_line
                0x0000000000003798       0x58 tembed.o
                0x0000000000003798                erase_line
 .text.validate_history
                0x00000000000037f0       0x44 tembed.o
                0x00000000000037f0                validate_history
 .text.already_in_history
                0x0000000000003834       0xa4 tembed.o
                0x0000000000003834                already_in_history
 .text.add_to_history
                0x00000000000038d8       0xbc tembed.o
                0x00000000000038d8                add_to_history
 .text.get_history
                0x0000000000003994       0x9c tembed.o
                0x0000000000003994                get_history
 .text.backward_char
                0x0000000000003a30       0x2c tembed.o
                0x0000000000003a30                backward_char
 .text.forward_char
                0x0000000000003a5c       0x2c tembed.o
                0x0000000000003a5c                forward_char
 .text.forward_word
                0x0000000000003a88       0x64 tembed.o
                0x0000000000003a88                forward_word
 .text.backward_word
                0x0000000000003aec       0xa4 tembed.o
                0x0000000000003aec                backward_word
 .text.find_word_under_cursor
                0x0000000000003b90       0xb0 tembed.o
                0x0000000000003b90                find_word_under_cursor
 .text.complete_word
                0x0000000000003c40      0x104 tembed.o
                0x0000000000003c40                complete_word
 .text.propose_word
                0x0000000000003d44       0x9c tembed.o
                0x0000000000003d44                propose_word
 .text.lineedit_start
                0x0000000000003de0       0x3c tembed.o
                0x0000000000003de0                lineedit_start
 .text.lineedit_finish
                0x0000000000003e1c       0x20 tembed.o
                0x0000000000003e1c                lineedit_finish
 .text.lineedit_step
                0x0000000000003e3c      0x44c tembed.o
                0x0000000000003e3c                lineedit_step
 .text.lineedit
                0x0000000000004288       0x1e tembed.o
                0x0000000000004288                lineedit
 .text.init_forth
                0x00000000000042a6        0xc tembed.o
                0x00000000000042a6                init_forth
 .text.isinteractive
                0x00000000000042b2        0x4 tembed.o
                0x00000000000042b2                isinteractive
 .text.emit     0x00000000000042b6       0x18 tembed.o
                0x00000000000042b6                emit
 .text.caccept  0x00000000000042ce        0x8 tembed.o
                0x00000000000042ce                caccept
 .text.alerror  0x00000000000042d6       0x1e tembed.o
                0x00000000000042d6                alerror
 .text.moreinput
                0x00000000000042f4        0x4 tembed.o
                0x00000000000042f4                moreinput
 .text.key      0x00000000000042f8        0xc tembed.o
                0x00000000000042f8                key
 .text.key_avail
                0x0000000000004304        0x8 tembed.o
                0x0000000000004304                key_avail
 .text.write_dictionary
                0x000000000000430c       0x14 tembed.o
                0x000000000000430c                write_dictionary
 .text.pfopen   0x0000000000004320        0x4 tembed.o
                0x0000000000004320                pfopen
 .text.pfcreate
                0x0000000000004324        0x4 tembed.o
                0x0000000000004324                pfcreate
 .text.pfclose  0x0000000000004328        0x4 tembed.o
                0x0000000000004328                pfclose
 .text.freadline
                0x000000000000432c        0xc tembed.o
                0x000000000000432c                freadline
 .text.pfread   0x0000000000004338        0xa tembed.o
                0x0000000000004338                pfread
 .text.pfwrite  0x0000000000004342        0x6 tembed.o
                0x0000000000004342                pfwrite
 .text.pfseek   0x0000000000004348        0x6 tembed.o
                0x0000000000004348                pfseek
 .text.pfposition
                0x000000000000434e        0xc tembed.o
                0x000000000000434e                pfposition
 .text.pfflush  0x000000000000435a        0x6 tembed.o
                0x000000000000435a                pfflush
 .text.pfmarkinput
                0x0000000000004360        0x2 tembed.o
                0x0000000000004360                pfmarkinput
 .text.pfprint_input_stack
                0x0000000000004362        0x2 tembed.o
                0x0000000000004362                pfprint_input_stack
 .text.pfsize   0x0000000000004364        0x6 tembed.o
                0x0000000000004364                pfsize
 .text.clear_log
                0x000000000000436a        0x2 tembed.o
                0x000000000000436a                clear_log
 .text.start_logging
                0x000000000000436c        0x2 tembed.o
                0x000000000000436c                start_logging
 .text.stop_logging
                0x000000000000436e        0x2 tembed.o
                0x000000000000436e                stop_logging
 .text.log_extent
                0x0000000000004370        0x8 tembed.o
                0x0000000000004370                log_extent
 .text.isstandalone
                0x0000000000004378        0x4 tembed.o
                0x0000000000004378                isstandalone
 .text.prepare_builtin_dictionary
                0x000000000000437c       0x4c tembed.o
                0x000000000000437c                prepare_builtin_dictionary
 .text.lfill    0x00000000000043c8       0x1c textend.o
                0x00000000000043c8                lfill
 .text.lcheck   0x00000000000043e4       0x2c textend.o
                0x00000000000043e4                lcheck
 .text.incfill  0x0000000000004410       0x1a textend.o
                0x0000000000004410                incfill
 .text.inccheck
                0x000000000000442a       0x2c textend.o
                0x000000000000442a                inccheck
 *fill*         0x0000000000004456        0x2 
 .text.randomfill
                0x0000000000004458       0x34 textend.o
                0x0000000000004458                randomfill
 .text.randomcheck
                0x000000000000448c       0x44 textend.o
                0x000000000000448c                randomcheck
 .text.byte_checksum
                0x00000000000044d0       0x1a textend.o
                0x00000000000044d0                byte_checksum
 *fill*         0x00000000000044ea        0x2 
 .text.wdog     0x00000000000044ec       0x10 textend.o
                0x00000000000044ec                wdog
 .text.wdog_disable
                0x00000000000044fc        0x2 textend.o
                0x00000000000044fc                wdog_disable
 *fill*         0x00000000000044fe        0x2 
 .text.getfpgadate
                0x0000000000004500       0x10 textend.o
                0x0000000000004500                getfpgadate
 .text.getfpgaversion
                0x0000000000004510       0x10 textend.o
                0x0000000000004510                getfpgaversion
 .text.getforthdate
                0x0000000000004520        0x8 textend.o
                0x0000000000004520                getforthdate
 .text.getforthversion
                0x0000000000004528        0x4 textend.o
                0x0000000000004528                getforthversion
 .text.timer1_init
                0x000000000000452c       0x48 textend.o
                0x000000000000452c                timer1_init
 .text.fabric_enable
                0x0000000000004574       0x1c textend.o
                0x0000000000004574                fabric_enable
 .text.fabric_disable
                0x0000000000004590       0x20 textend.o
                0x0000000000004590                fabric_disable
 .text.timer1_start
                0x00000000000045b0       0x10 textend.o
                0x00000000000045b0                timer1_start
 .text.timer1_stop
                0x00000000000045c0       0x10 textend.o
                0x00000000000045c0                timer1_stop
 .text.timer1_enable
                0x00000000000045d0       0x1c textend.o
                0x00000000000045d0                timer1_enable
 .text.timer1_disable
                0x00000000000045ec       0x1c textend.o
                0x00000000000045ec                timer1_disable
 .text.Timer1_IRQHandler
                0x0000000000004608       0x2c textend.o
                0x0000000000004608                Timer1_IRQHandler
 .text          0x0000000000004634       0xa0 /home/jerryneedell/bin/gcc-arm-none-eabi-9-2019-q4-major/bin/../lib/gcc/arm-none-eabi/9.2.1/thumb/v7-m/nofp/libgcc.a(_aeabi_ldivmod.o)
                0x0000000000004634                __aeabi_ldivmod
 .text          0x00000000000046d4       0x30 /home/jerryneedell/bin/gcc-arm-none-eabi-9-2019-q4-major/bin/../lib/gcc/arm-none-eabi/9.2.1/thumb/v7-m/nofp/libgcc.a(_aeabi_uldivmod.o)
                0x00000000000046d4                __aeabi_uldivmod
 .text          0x0000000000004704      0x2c4 /home/jerryneedell/bin/gcc-arm-none-eabi-9-2019-q4-major/bin/../lib/gcc/arm-none-eabi/9.2.1/thumb/v7-m/nofp/libgcc.a(_udivmoddi4.o)
                0x0000000000004704                __udivmoddi4
 .text          0x00000000000049c8        0x4 /home/jerryneedell/bin/gcc-arm-none-eabi-9-2019-q4-major/bin/../lib/gcc/arm-none-eabi/9.2.1/thumb/v7-m/nofp/libgcc.a(_dvmd_tls.o)
                0x00000000000049c8                __aeabi_ldiv0
                0x00000000000049c8                __aeabi_idiv0
 .text.__libc_init_array
                0x00000000000049cc       0x48 /home/jerryneedell/bin/gcc-arm-none-eabi-9-2019-q4-major/bin/../lib/gcc/arm-none-eabi/9.2.1/../../../../arm-none-eabi/lib/thumb/v7-m/nofp/libg_nano.a(lib_a-init.o)
                0x00000000000049cc                __libc_init_array
 *(.plt)
 *(.gnu.warning)
 *(.glue_7t)
 .glue_7t       0x0000000000004a14        0x0 linker stubs
 *(.glue_7)
 .glue_7        0x0000000000004a14        0x0 linker stubs
 *(.vfp11_veneer)
 .vfp11_veneer  0x0000000000004a14        0x0 linker stubs
                0x0000000000004a14                . = ALIGN (0x4)
 *crtbegin.o(.ctors)
 *(EXCLUDE_FILE(*crtend.o) .ctors)
 *(SORT_BY_NAME(.ctors.*))
 *crtend.o(.ctors)
 *crtbegin.o(.dtors)
 *(EXCLUDE_FILE(*crtend.o) .dtors)
 *(SORT_BY_NAME(.dtors.*))
 *crtend.o(.dtors)
 *(.rodata .rodata.* .gnu.linkonce.r.*)
 .rodata.main.str1.4
                0x0000000000004a14        0x4 ttmain.o
 .rodata        0x0000000000004a18        0x8 tsystem_m2sxxx.o
 .rodata.inner_interpreter.str1.4
                0x0000000000004a20       0x74 tembed.o
 .rodata.execute_word.str1.4
                0x0000000000004a94       0x13 tembed.o
 *fill*         0x0000000000004aa7        0x1 
 .rodata.freelocbuf
                0x0000000000004aa8        0x4 tembed.o
                0x0000000000004aa8                freelocbuf
 .rodata.nullrelmap
                0x0000000000004aac        0x1 tembed.o
                0x0000000000004aac                nullrelmap
 *fill*         0x0000000000004aad        0x3 
 .rodata.header.str1.4
                0x0000000000004ab0        0xf tembed.o
 *fill*         0x0000000000004abf        0x1 
 .rodata.read_dictionary.str1.4
                0x0000000000004ac0        0xd tembed.o
 *fill*         0x0000000000004acd        0x3 
 .rodata.romdict
                0x0000000000004ad0     0x78a6 tembed.o
                0x0000000000004ad0                romdict
 *fill*         0x000000000000c376        0x2 
 .rodata.romvars
                0x000000000000c378      0x258 tembed.o
                0x000000000000c378                romvars
 .rodata.ccalls
                0x000000000000c5d0       0x50 textend.o
                0x000000000000c5d0                ccalls
 *(.ARM.extab* .gnu.linkonce.armextab.*)
 *(.gcc_except_table)
 *(.eh_frame_hdr)
 *(.eh_frame)
 .eh_frame      0x000000000000c620        0x0 /home/jerryneedell/bin/gcc-arm-none-eabi-9-2019-q4-major/bin/../lib/gcc/arm-none-eabi/9.2.1/thumb/v7-m/nofp/crtbegin.o
 *(.vector_table)
 *(.init)
 .init          0x000000000000c620        0x4 /home/jerryneedell/bin/gcc-arm-none-eabi-9-2019-q4-major/bin/../lib/gcc/arm-none-eabi/9.2.1/thumb/v7-m/nofp/crti.o
                0x000000000000c620                _init
 .init          0x000000000000c624        0x8 /home/jerryneedell/bin/gcc-arm-none-eabi-9-2019-q4-major/bin/../lib/gcc/arm-none-eabi/9.2.1/thumb/v7-m/nofp/crtn.o
 *(.fini)
 .fini          0x000000000000c62c        0x4 /home/jerryneedell/bin/gcc-arm-none-eabi-9-2019-q4-major/bin/../lib/gcc/arm-none-eabi/9.2.1/thumb/v7-m/nofp/crti.o
                0x000000000000c62c                _fini
 .fini          0x000000000000c630        0x8 /home/jerryneedell/bin/gcc-arm-none-eabi-9-2019-q4-major/bin/../lib/gcc/arm-none-eabi/9.2.1/thumb/v7-m/nofp/crtn.o
                0x000000000000c638                PROVIDE (__preinit_array_start = .)
 *(.preinit_array)
                0x000000000000c638                PROVIDE (__preinit_array_end = .)
                0x000000000000c638                PROVIDE (__init_array_start = .)
 *(SORT_BY_NAME(.init_array.*))
 *(.init_array)
 .init_array    0x000000000000c638        0x4 /home/jerryneedell/bin/gcc-arm-none-eabi-9-2019-q4-major/bin/../lib/gcc/arm-none-eabi/9.2.1/thumb/v7-m/nofp/crtbegin.o
                0x000000000000c63c                PROVIDE (__init_array_end = .)
                [!provide]                        PROVIDE (__fini_array_start = .)
 *(.fini_array)
 .fini_array    0x000000000000c63c        0x4 /home/jerryneedell/bin/gcc-arm-none-eabi-9-2019-q4-major/bin/../lib/gcc/arm-none-eabi/9.2.1/thumb/v7-m/nofp/crtbegin.o
 *(SORT_BY_NAME(.fini_array.*))
                [!provide]                        PROVIDE (__fini_array_end = .)
                0x000000000000c640                . = ALIGN (0x10)
                0x000000000000c640                __exidx_start = .

.v4_bx          0x000000000000c640        0x0 load address 0x000000006000c640
 .v4_bx         0x000000000000c640        0x0 linker stubs

.iplt           0x000000000000c640        0x0 load address 0x000000006000c640
 .iplt          0x000000000000c640        0x0 /home/jerryneedell/bin/gcc-arm-none-eabi-9-2019-q4-major/bin/../lib/gcc/arm-none-eabi/9.2.1/thumb/v7-m/nofp/crtbegin.o

.ARM.exidx      0x0000000020000000        0x8 load address 0x000000006000c640
 *(.ARM.exidx* .gnu.linkonce.armexidx.*)
 .ARM.exidx     0x0000000020000000        0x8 /home/jerryneedell/bin/gcc-arm-none-eabi-9-2019-q4-major/bin/../lib/gcc/arm-none-eabi/9.2.1/thumb/v7-m/nofp/libgcc.a(_udivmoddi4.o)
                0x0000000020000008                __exidx_end = .
                0x0000000020000008                _etext = .

.rel.dyn        0x0000000020000008        0x0 load address 0x000000006000c648
 .rel.iplt      0x0000000020000008        0x0 /home/jerryneedell/bin/gcc-arm-none-eabi-9-2019-q4-major/bin/../lib/gcc/arm-none-eabi/9.2.1/thumb/v7-m/nofp/crtbegin.o

.data           0x0000000020000010       0x30 load address 0x000000006000c650
                0x000000006000c650                __data_load = LOADADDR (.data)
                0x000000006000c650                _sidata = LOADADDR (.data)
                0x0000000020000010                __data_start = .
                0x0000000020000010                _sdata = .
 *(.jcr)
 *(.got.plt)
 *(.got)
 *(.shdata)
 *(.data .data.* .gnu.linkonce.d.*)
 .data.SystemCoreClock
                0x0000000020000010        0x4 tsystem_m2sxxx.o
                0x0000000020000010                SystemCoreClock
 .data.g_FrequencyFIC0
                0x0000000020000014        0x4 tsystem_m2sxxx.o
                0x0000000020000014                g_FrequencyFIC0
 .data.g_FrequencyFIC1
                0x0000000020000018        0x4 tsystem_m2sxxx.o
                0x0000000020000018                g_FrequencyFIC1
 .data.g_FrequencyFIC64
                0x000000002000001c        0x4 tsystem_m2sxxx.o
                0x000000002000001c                g_FrequencyFIC64
 .data.g_FrequencyPCLK0
                0x0000000020000020        0x4 tsystem_m2sxxx.o
                0x0000000020000020                g_FrequencyPCLK0
 .data.g_FrequencyPCLK1
                0x0000000020000024        0x4 tsystem_m2sxxx.o
                0x0000000020000024                g_FrequencyPCLK1
 .data.g_FrequencyPCLK2
                0x0000000020000028        0x4 tsystem_m2sxxx.o
                0x0000000020000028                g_FrequencyPCLK2
 .data.history_num
                0x000000002000002c        0x4 tembed.o
 .data.fpgabase
                0x0000000020000030        0x4 textend.o
                0x0000000020000030                fpgabase
                0x0000000020000040                . = ALIGN (0x10)
 *fill*         0x0000000020000034        0xc 
                0x0000000020000040                _edata = .

.igot.plt       0x0000000020000040        0x0 load address 0x000000006000c680
 .igot.plt      0x0000000020000040        0x0 /home/jerryneedell/bin/gcc-arm-none-eabi-9-2019-q4-major/bin/../lib/gcc/arm-none-eabi/9.2.1/thumb/v7-m/nofp/crtbegin.o

.bss            0x0000000020000040     0x3e80 load address 0x000000006000c680
                0x0000000020000040                __bss_start__ = .
                0x0000000020000040                _sbss = .
 *(.shbss)
 *(.bss .bss.* .gnu.linkonce.b.*)
 .bss           0x0000000020000040       0x1c /home/jerryneedell/bin/gcc-arm-none-eabi-9-2019-q4-major/bin/../lib/gcc/arm-none-eabi/9.2.1/thumb/v7-m/nofp/crtbegin.o
 .bss.g_stdio_uart_init_done
                0x000000002000005c        0x4 tconsoleio.o
 .bss.endaddr   0x0000000020000060        0x4 tembed.o
 .bss.escaping  0x0000000020000064        0x4 tembed.o
 .bss.lastline  0x0000000020000068      0x190 tembed.o
 .bss.matchlen  0x00000000200001f8        0x4 tembed.o
 .bss.maxaddr   0x00000000200001fc        0x4 tembed.o
 .bss.nmatches  0x0000000020000200        0x4 tembed.o
 .bss.saved_length
                0x0000000020000204        0x4 tembed.o
 .bss.startaddr
                0x0000000020000208        0x4 tembed.o
 .bss.thisaddr  0x000000002000020c        0x4 tembed.o
 .bss.thismatch
                0x0000000020000210        0x4 tembed.o
 .bss.word      0x0000000020000214       0x20 tembed.o
 *(COMMON)
 COMMON         0x0000000020000234       0x80 tmss_uart.o
                0x0000000020000234                g_mss_uart1
                0x0000000020000274                g_mss_uart0
 *fill*         0x00000000200002b4        0x4 
 COMMON         0x00000000200002b8     0x3c04 tembed.o
                0x00000000200002b8                ramvars
                0x0000000020000eb8                ramdict
                0x0000000020003eb8                ctbuf
                0x0000000020003ec0                . = ALIGN (0x10)
 *fill*         0x0000000020003ebc        0x4 
                0x0000000020003ec0                __bss_end__ = .
                0x0000000020003ec0                _end = .
                0x0000000020003ec0                __end = _end
                0x0000000020003ec0                _ebss = .
                [!provide]                        PROVIDE (end = .)

.heap           0x0000000020003ec0     0xb140 load address 0x000000006000c680
                0x0000000020003ec0                __heap_start__ = .
                0x0000000020004ec0                . = (. + MIN_SIZE_HEAP)
 *fill*         0x0000000020003ec0     0x1000 
                0x000000002000f000                . = (. + (((ABSOLUTE (RAM_START_ADDRESS) + RAM_SIZE) - MAIN_STACK_SIZE) - .))
 *fill*         0x0000000020004ec0     0xa140 
                0x000000002000f000                _eheap = .

.stack          0x000000002000f000     0x1000 load address 0x000000006000c680
                0x000000002000f000                __stack_start__ = .
                0x0000000020010000                . = (. + MAIN_STACK_SIZE)
 *fill*         0x000000002000f000     0x1000 
                0x0000000020010000                _estack = .

.stab
 *(.stab)

.stabstr
 *(.stabstr)

.debug
 *(.debug)

.line
 *(.line)

.debug_srcinfo
 *(.debug_srcinfo)

.debug_sfnames
 *(.debug_sfnames)

.debug_aranges  0x0000000000000000      0x6f8
 *(.debug_aranges)
 .debug_aranges
                0x0000000000000000       0x20 ttmain.o
 .debug_aranges
                0x0000000000000020       0x30 mallocembed.o
 .debug_aranges
                0x0000000000000050       0x48 tconsoleio.o
 .debug_aranges
                0x0000000000000098      0x198 tmss_uart.o
 .debug_aranges
                0x0000000000000230       0x30 tsystem_m2sxxx.o
 .debug_aranges
                0x0000000000000260      0x3d0 tembed.o
 .debug_aranges
                0x0000000000000630       0xc8 textend.o

.debug_pubnames
 *(.debug_pubnames)

.debug_info     0x0000000000000000     0xdfbc
 *(.debug_info .gnu.linkonce.wi.*)
 .debug_info    0x0000000000000000      0x1d8 ttmain.o
 .debug_info    0x00000000000001d8      0x20e mallocembed.o
 .debug_info    0x00000000000003e6      0x96c tconsoleio.o
 .debug_info    0x0000000000000d52     0x3298 tmss_uart.o
 .debug_info    0x0000000000003fea      0xc32 tsystem_m2sxxx.o
 .debug_info    0x0000000000004c1c     0x7bde tembed.o
 .debug_info    0x000000000000c7fa     0x17c2 textend.o

.debug_abbrev   0x0000000000000000     0x21dd
 *(.debug_abbrev)
 .debug_abbrev  0x0000000000000000       0xf0 ttmain.o
 .debug_abbrev  0x00000000000000f0      0x11e mallocembed.o
 .debug_abbrev  0x000000000000020e      0x299 tconsoleio.o
 .debug_abbrev  0x00000000000004a7      0x446 tmss_uart.o
 .debug_abbrev  0x00000000000008ed      0x258 tsystem_m2sxxx.o
 .debug_abbrev  0x0000000000000b45     0x136f tembed.o
 .debug_abbrev  0x0000000000001eb4      0x329 textend.o

.debug_line     0x0000000000000000     0x90af
 *(.debug_line)
 .debug_line    0x0000000000000000      0x16e ttmain.o
 .debug_line    0x000000000000016e      0x183 mallocembed.o
 .debug_line    0x00000000000002f1      0x2ed tconsoleio.o
 .debug_line    0x00000000000005de     0x2c86 tmss_uart.o
 .debug_line    0x0000000000003264      0x307 tsystem_m2sxxx.o
 .debug_line    0x000000000000356b     0x5449 tembed.o
 .debug_line    0x00000000000089b4      0x6fb textend.o

.debug_frame    0x0000000000000000     0x1258
 *(.debug_frame)
 .debug_frame   0x0000000000000000       0x28 ttmain.o
 .debug_frame   0x0000000000000028       0x40 mallocembed.o
 .debug_frame   0x0000000000000068       0xa4 tconsoleio.o
 .debug_frame   0x000000000000010c      0x468 tmss_uart.o
 .debug_frame   0x0000000000000574       0x58 tsystem_m2sxxx.o
 .debug_frame   0x00000000000005cc      0xa28 tembed.o
 .debug_frame   0x0000000000000ff4      0x194 textend.o
 .debug_frame   0x0000000000001188       0x44 /home/jerryneedell/bin/gcc-arm-none-eabi-9-2019-q4-major/bin/../lib/gcc/arm-none-eabi/9.2.1/thumb/v7-m/nofp/libgcc.a(_aeabi_ldivmod.o)
 .debug_frame   0x00000000000011cc       0x2c /home/jerryneedell/bin/gcc-arm-none-eabi-9-2019-q4-major/bin/../lib/gcc/arm-none-eabi/9.2.1/thumb/v7-m/nofp/libgcc.a(_aeabi_uldivmod.o)
 .debug_frame   0x00000000000011f8       0x34 /home/jerryneedell/bin/gcc-arm-none-eabi-9-2019-q4-major/bin/../lib/gcc/arm-none-eabi/9.2.1/thumb/v7-m/nofp/libgcc.a(_udivmoddi4.o)
 .debug_frame   0x000000000000122c       0x2c /home/jerryneedell/bin/gcc-arm-none-eabi-9-2019-q4-major/bin/../lib/gcc/arm-none-eabi/9.2.1/../../../../arm-none-eabi/lib/thumb/v7-m/nofp/libg_nano.a(lib_a-init.o)

.debug_str      0x0000000000000000     0x2e9c
 *(.debug_str)
 .debug_str     0x0000000000000000      0x200 ttmain.o
                                        0x258 (size before relaxing)
 .debug_str     0x0000000000000200       0x45 mallocembed.o
                                        0x251 (size before relaxing)
 .debug_str     0x0000000000000245      0x7ae tconsoleio.o
                                        0x9c9 (size before relaxing)
 .debug_str     0x00000000000009f3     0x11aa tmss_uart.o
                                       0x1aea (size before relaxing)
 .debug_str     0x0000000000001b9d      0x1aa tsystem_m2sxxx.o
                                        0xaec (size before relaxing)
 .debug_str     0x0000000000001d47      0xd1e tembed.o
                                       0x2a29 (size before relaxing)
 .debug_str     0x0000000000002a65      0x437 textend.o
                                       0x138d (size before relaxing)

.debug_loc      0x0000000000000000     0xd3d9
 *(.debug_loc)
 .debug_loc     0x0000000000000000       0x22 ttmain.o
 .debug_loc     0x0000000000000022       0x4a mallocembed.o
 .debug_loc     0x000000000000006c       0xd7 tconsoleio.o
 .debug_loc     0x0000000000000143     0x2829 tmss_uart.o
 .debug_loc     0x000000000000296c      0x1e9 tsystem_m2sxxx.o
 .debug_loc     0x0000000000002b55     0x9f3d tembed.o
 .debug_loc     0x000000000000ca92      0x947 textend.o

.debug_macinfo
 *(.debug_macinfo)

.debug_weaknames
 *(.debug_weaknames)

.debug_funcnames
 *(.debug_funcnames)

.debug_typenames
 *(.debug_typenames)

.debug_varnames
 *(.debug_varnames)

.note.gnu.arm.ident
 *(.note.gnu.arm.ident)

.ARM.attributes
                0x0000000000000000       0x29
 *(.ARM.attributes)
 .ARM.attributes
                0x0000000000000000       0x1d /home/jerryneedell/bin/gcc-arm-none-eabi-9-2019-q4-major/bin/../lib/gcc/arm-none-eabi/9.2.1/thumb/v7-m/nofp/crti.o
 .ARM.attributes
                0x000000000000001d       0x2d /home/jerryneedell/bin/gcc-arm-none-eabi-9-2019-q4-major/bin/../lib/gcc/arm-none-eabi/9.2.1/thumb/v7-m/nofp/crtbegin.o
 .ARM.attributes
                0x000000000000004a       0x1b /home/jerryneedell/bin/gcc-arm-none-eabi-9-2019-q4-major/bin/../lib/gcc/arm-none-eabi/9.2.1/../../../../arm-none-eabi/lib/thumb/v7-m/nofp/crt0.o
 .ARM.attributes
                0x0000000000000065       0x21 tstartup_m2sxxx.o
 .ARM.attributes
                0x0000000000000086       0x2d ttmain.o
 .ARM.attributes
                0x00000000000000b3       0x2d mallocembed.o
 .ARM.attributes
                0x00000000000000e0       0x2d tconsoleio.o
 .ARM.attributes
                0x000000000000010d       0x2d tmss_uart.o
 .ARM.attributes
                0x000000000000013a       0x2d tnewlib_stubs.o
 .ARM.attributes
                0x0000000000000167       0x2d tcore_cm3.o
 .ARM.attributes
                0x0000000000000194       0x2d tsystem_m2sxxx.o
 .ARM.attributes
                0x00000000000001c1       0x2d tembed.o
 .ARM.attributes
                0x00000000000001ee       0x2d textend.o
 .ARM.attributes
                0x000000000000021b       0x1d /home/jerryneedell/bin/gcc-arm-none-eabi-9-2019-q4-major/bin/../lib/gcc/arm-none-eabi/9.2.1/thumb/v7-m/nofp/libgcc.a(_aeabi_ldivmod.o)
 .ARM.attributes
                0x0000000000000238       0x1d /home/jerryneedell/bin/gcc-arm-none-eabi-9-2019-q4-major/bin/../lib/gcc/arm-none-eabi/9.2.1/thumb/v7-m/nofp/libgcc.a(_aeabi_uldivmod.o)
 .ARM.attributes
                0x0000000000000255       0x2d /home/jerryneedell/bin/gcc-arm-none-eabi-9-2019-q4-major/bin/../lib/gcc/arm-none-eabi/9.2.1/thumb/v7-m/nofp/libgcc.a(_udivmoddi4.o)
 .ARM.attributes
                0x0000000000000282       0x1d /home/jerryneedell/bin/gcc-arm-none-eabi-9-2019-q4-major/bin/../lib/gcc/arm-none-eabi/9.2.1/thumb/v7-m/nofp/libgcc.a(_dvmd_tls.o)
 .ARM.attributes
                0x000000000000029f       0x2d /home/jerryneedell/bin/gcc-arm-none-eabi-9-2019-q4-major/bin/../lib/gcc/arm-none-eabi/9.2.1/../../../../arm-none-eabi/lib/thumb/v7-m/nofp/libg_nano.a(lib_a-exit.o)
 .ARM.attributes
                0x00000000000002cc       0x2d /home/jerryneedell/bin/gcc-arm-none-eabi-9-2019-q4-major/bin/../lib/gcc/arm-none-eabi/9.2.1/../../../../arm-none-eabi/lib/thumb/v7-m/nofp/libg_nano.a(lib_a-impure.o)
 .ARM.attributes
                0x00000000000002f9       0x2d /home/jerryneedell/bin/gcc-arm-none-eabi-9-2019-q4-major/bin/../lib/gcc/arm-none-eabi/9.2.1/../../../../arm-none-eabi/lib/thumb/v7-m/nofp/libg_nano.a(lib_a-init.o)
 .ARM.attributes
                0x0000000000000326       0x2d /home/jerryneedell/bin/gcc-arm-none-eabi-9-2019-q4-major/bin/../lib/gcc/arm-none-eabi/9.2.1/../../../../arm-none-eabi/lib/thumb/v7-m/nofp/libg_nano.a(lib_a-memset.o)
 .ARM.attributes
                0x0000000000000353       0x2d /home/jerryneedell/bin/gcc-arm-none-eabi-9-2019-q4-major/bin/../lib/gcc/arm-none-eabi/9.2.1/thumb/v7-m/nofp/crtend.o
 .ARM.attributes
                0x0000000000000380       0x1d /home/jerryneedell/bin/gcc-arm-none-eabi-9-2019-q4-major/bin/../lib/gcc/arm-none-eabi/9.2.1/thumb/v7-m/nofp/crtn.o

/DISCARD/
 *(.note.GNU-stack)
OUTPUT(app.elf elf32-littlearm)

.debug_ranges   0x0000000000000000     0x10e0
 .debug_ranges  0x0000000000000000       0x10 ttmain.o
 .debug_ranges  0x0000000000000010       0x20 mallocembed.o
 .debug_ranges  0x0000000000000030       0x50 tconsoleio.o
 .debug_ranges  0x0000000000000080      0x8a8 tmss_uart.o
 .debug_ranges  0x0000000000000928       0x68 tsystem_m2sxxx.o
 .debug_ranges  0x0000000000000990      0x698 tembed.o
 .debug_ranges  0x0000000000001028       0xb8 textend.o

.comment        0x0000000000000000       0x79
 .comment       0x0000000000000000       0x79 ttmain.o
                                         0x7a (size before relaxing)
 .comment       0x0000000000000079       0x7a mallocembed.o
 .comment       0x0000000000000079       0x7a tconsoleio.o
 .comment       0x0000000000000079       0x7a tmss_uart.o
 .comment       0x0000000000000079       0x7a tsystem_m2sxxx.o
 .comment       0x0000000000000079      0x3d0 tembed.o
 .comment       0x0000000000000079       0x7a textend.o

.noinit         0x0000000000000000        0x0
 .noinit        0x0000000000000000        0x0 tembed.o
